2026-08-06 00:54:47,330 | INFO | HTTP Request: POST https://api.telegram.org/bot8970525260:AAHHKYx1opFiuPJK9z6oAkw5E0gegCzbFSU/getMe "HTTP/1.1 200 OK"
2026-08-06 00:54:47,498 | INFO | HTTP Request: POST https://api.telegram.org/bot8970525260:AAHHKYx1opFiuPJK9z6oAkw5E0gegCzbFSU/deleteWebhook "HTTP/1.1 200 OK"
2026-08-06 00:54:47,499 | INFO | Application started
2026-08-06 00:54:59,040 | INFO | HTTP Request: POST https://api.telegram.org/bot8970525260:AAHHKYx1opFiuPJK9z6oAkw5E0gegCzbFSU/getUpdates "HTTP/1.1 200 OK"
2026-08-06 00:55:09,432 | INFO | HTTP Request: POST https://api.telegram.org/bot8970525260:AAHHKYx1opFiuPJK9z6oAkw5E0gegCzbFSU/getUpdates "HTTP/1.1 200 OK"
2026-08-06 00:55:19,612 | INFO | HTTP Request: POST https://api.telegram.org/bot8970525260:AAHHKYx1opFiuPJK9z6oAkw5E0gegCzbFSU/getUpdates "HTTP/1.1 200 OK"
2026-08-06 00:55:29,896 | INFO | HTTP Request: POST https://api.telegram.org/bot8970525260:AAHHKYx1opFiuPJK9z6oAkw5E0gegCzbFSU/getUpdates "HTTP/1.1 200 OK"
2026-08-06 00:55:40,104 | INFO | HTTP Request: POST https://api.telegram.org/bot8970525260:AAHHKYx1opFiuPJK9z6oAkw5E0gegCzbFSU/getUpdates "HTTP/1.1 200 OK"
2026-08-06 00:55:50,294 | INFO | HTTP Request: POST https://api.telegram.org/bot8970525260:AAHHKYx1opFiuPJK9z6oAkw5E0gegCzbFSU/getUpdates "HTTP/1.1 200 OK"
2026-08-06 00:56:00,583 | INFO | HTTP Request: POST https://api.telegram.org/bot8970525260:AAHHKYx1opFiuPJK9z6oAkw5E0gegCzbFSU/getUpdates "HTTP/1.1 200 OK"
2026-08-06 00:56:02,836 | INFO | HTTP Request: POST https://api.telegram.org/bot8970525260:AAHHKYx1opFiuPJK9z6oAkw5E0gegCzbFSU/getUpdates "HTTP/1.1 200 OK"
2026-08-06 00:56:02,837 | INFO | MESSAGE | User: tms (@Tmss23) | ID: 8887296113 | Text: Name ki tmr
2026-08-06 00:56:03,939 | INFO | HTTP Request: POST https://api.telegram.org/bot8970525260:AAHHKYx1opFiuPJK9z6oAkw5E0gegCzbFSU/sendMessage "HTTP/1.1 200 OK"
2026-08-06 00:56:13,076 | INFO | HTTP Request: POST https://api.telegram.org/bot8970525260:AAHHKYx1opFiuPJK9z6oAkw5E0gegCzbFSU/getUpdates "HTTP/1.1 200 OK"
2026-08-06 00:56:13,282 | INFO | HTTP Request: POST https://api.telegram.org/bot8970525260:AAHHKYx1opFiuPJK9z6oAkw5E0gegCzbFSU/getUpdates "HTTP/1.1 200 OK"
2026-08-06 00:56:13,283 | INFO | MESSAGE | User: tms (@Tmss23) | ID: 8887296113 | Text: Tmr baba nam
2026-08-06 00:56:14,203 | INFO | HTTP Request: POST https://api.telegram.org/bot8970525260:AAHHKYx1opFiuPJK9z6oAkw5E0gegCzbFSU/sendMessage "HTTP/1.1 200 OK"
2026-08-06 00:56:18,504 | INFO | HTTP Request: POST https://api.telegram.org/bot8970525260:AAHHKYx1opFiuPJK9z6oAkw5E0gegCzbFSU/getUpdates "HTTP/1.1 200 OK"
2026-08-06 00:56:18,504 | INFO | MESSAGE | User: tms (@Tmss23) | ID: 8887296113 | Text: Tmr ma
2026-08-06 00:56:18,914 | INFO | HTTP Request: POST https://api.telegram.org/bot8970525260:AAHHKYx1opFiuPJK9z6oAkw5E0gegCzbFSU/sendMessage "HTTP/1.1 200 OK"
2026-08-06 00:56:23,218 | INFO | HTTP Request: POST https://api.telegram.org/bot8970525260:AAHHKYx1opFiuPJK9z6oAkw5E0gegCzbFSU/getUpdates "HTTP/1.1 200 OK"
2026-08-06 00:56:23,218 | INFO | MESSAGE | User: tms (@Tmss23) | ID: 8887296113 | Text: Tmr bon
2026-08-06 00:56:23,624 | INFO | HTTP Request: POST https://api.telegram.org/bot8970525260:AAHHKYx1opFiuPJK9z6oAkw5E0gegCzbFSU/sendMessage "HTTP/1.1 200 OK"
2026-08-06 00:56:29,256 | INFO | HTTP Request: POST https://api.telegram.org/bot8970525260:AAHHKYx1opFiuPJK9z6oAkw5E0gegCzbFSU/getUpdates "HTTP/1.1 200 OK"
2026-08-06 00:56:29,256 | INFO | MESSAGE | User: tms (@Tmss23) | ID: 8887296113 | Text: Tmr boro bon
2026-08-06 00:56:30,425 | INFO | HTTP Request: POST https://api.telegram.org/bot8970525260:AAHHKYx1opFiuPJK9z6oAkw5E0gegCzbFSU/sendMessage "HTTP/1.1 200 OK"
2026-08-06 00:56:39,292 | INFO | HTTP Request: POST https://api.telegram.org/bot8970525260:AAHHKYx1opFiuPJK9z6oAkw5E0gegCzbFSU/getUpdates "HTTP/1.1 200 OK"
2026-08-06 00:56:39,293 | INFO | MESSAGE | User: tms (@Tmss23) | ID: 8887296113 | Text: Tmr mejo bon
2026-08-06 00:56:40,213 | INFO | HTTP Request: POST https://api.telegram.org/bot8970525260:AAHHKYx1opFiuPJK9z6oAkw5E0gegCzbFSU/sendMessage "HTTP/1.1 200 OK"
2026-08-06 00:56:45,439 | INFO | HTTP Request: POST https://api.telegram.org/bot8970525260:AAHHKYx1opFiuPJK9z6oAkw5E0gegCzbFSU/getUpdates "HTTP/1.1 200 OK"
2026-08-06 00:56:45,440 | INFO | MESSAGE | User: tms (@Tmss23) | ID: 8887296113 | Text: Fav food
2026-08-06 00:56:46,559 | INFO | HTTP Request: POST https://api.telegram.org/bot8970525260:AAHHKYx1opFiuPJK9z6oAkw5E0gegCzbFSU/sendMessage "HTTP/1.1 200 OK"
2026-08-06 00:56:55,623 | INFO | HTTP Request: POST https://api.telegram.org/bot8970525260:AAHHKYx1opFiuPJK9z6oAkw5E0gegCzbFSU/getUpdates "HTTP/1.1 200 OK"
2026-08-06 00:56:57,454 | INFO | HTTP Request: POST https://api.telegram.org/bot8970525260:AAHHKYx1opFiuPJK9z6oAkw5E0gegCzbFSU/getUpdates "HTTP/1.1 200 OK"
2026-08-06 00:56:57,455 | INFO | MESSAGE | User: tms (@Tmss23) | ID: 8887296113 | Text: Fav country
2026-08-06 00:56:58,158 | INFO | HTTP Request: POST https://api.telegram.org/bot8970525260:AAHHKYx1opFiuPJK9z6oAkw5E0gegCzbFSU/sendMessage "HTTP/1.1 200 OK"
2026-08-06 00:57:04,471 | INFO | HTTP Request: POST https://api.telegram.org/bot8970525260:AAHHKYx1opFiuPJK9z6oAkw5E0gegCzbFSU/getUpdates "HTTP/1.1 200 OK"
2026-08-06 00:57:04,471 | INFO | MESSAGE | User: tms (@Tmss23) | ID: 8887296113 | Text: Village
2026-08-06 00:57:05,231 | INFO | HTTP Request: POST https://api.telegram.org/bot8970525260:AAHHKYx1opFiuPJK9z6oAkw5E0gegCzbFSU/sendMessage "HTTP/1.1 200 OK"
2026-08-06 00:57:12,572 | INFO | HTTP Request: POST https://api.telegram.org/bot8970525260:AAHHKYx1opFiuPJK9z6oAkw5E0gegCzbFSU/getUpdates "HTTP/1.1 200 OK"
2026-08-06 00:57:12,573 | INFO | MESSAGE | User: tms (@Tmss23) | ID: 8887296113 | Text: Birth
2026-08-06 00:57:13,699 | INFO | HTTP Request: POST https://api.telegram.org/bot8970525260:AAHHKYx1opFiuPJK9z6oAkw5E0gegCzbFSU/sendMessage "HTTP/1.1 200 OK"
2026-08-06 00:57:22,811 | INFO | HTTP Request: POST https://api.telegram.org/bot8970525260:AAHHKYx1opFiuPJK9z6oAkw5E0gegCzbFSU/getUpdates "HTTP/1.1 200 OK"
2026-08-06 00:57:24,351 | INFO | HTTP Request: POST https://api.telegram.org/bot8970525260:AAHHKYx1opFiuPJK9z6oAkw5E0gegCzbFSU/getUpdates "HTTP/1.1 200 OK"
2026-08-06 00:57:24,351 | INFO | MESSAGE | User: tms (@Tmss23) | ID: 8887296113 | Text: Sub
2026-08-06 00:57:25,577 | INFO | HTTP Request: POST https://api.telegram.org/bot8970525260:AAHHKYx1opFiuPJK9z6oAkw5E0gegCzbFSU/sendMessage "HTTP/1.1 200 OK"
2026-08-06 00:57:34,687 | INFO | HTTP Request: POST https://api.telegram.org/bot8970525260:AAHHKYx1opFiuPJK9z6oAkw5E0gegCzbFSU/getUpdates "HTTP/1.1 200 OK"
2026-08-06 00:57:45,137 | INFO | HTTP Request: POST https://api.telegram.org/bot8970525260:AAHHKYx1opFiuPJK9z6oAkw5E0gegCzbFSU/getUpdates "HTTP/1.1 200 OK"
2026-08-06 00:57:55,478 | INFO | HTTP Request: POST https://api.telegram.org/bot8970525260:AAHHKYx1opFiuPJK9z6oAkw5E0gegCzbFSU/getUpdates "HTTP/1.1 200 OK"
2026-08-06 00:58:05,718 | INFO | HTTP Request: POST https://api.telegram.org/bot8970525260:AAHHKYx1opFiuPJK9z6oAkw5E0gegCzbFSU/getUpdates "HTTP/1.1 200 OK"
2026-08-06 00:58:15,899 | INFO | HTTP Request: POST https://api.telegram.org/bot8970525260:AAHHKYx1opFiuPJK9z6oAkw5E0gegCzbFSU/getUpdates "HTTP/1.1 200 OK"
2026-08-06 00:58:26,198 | INFO | HTTP Request: POST https://api.telegram.org/bot8970525260:AAHHKYx1opFiuPJK9z6oAkw5E0gegCzbFSU/getUpdates "HTTP/1.1 200 OK"
2026-08-06 00:58:36,374 | INFO | HTTP Request: POST https://api.telegram.org/bot8970525260:AAHHKYx1opFiuPJK9z6oAkw5E0gegCzbFSU/getUpdates "HTTP/1.1 200 OK"
2026-08-06 00:58:46,575 | INFO | HTTP Request: POST https://api.telegram.org/bot8970525260:AAHHKYx1opFiuPJK9z6oAkw5E0gegCzbFSU/getUpdates "HTTP/1.1 200 OK"
2026-08-06 00:58:56,816 | INFO | HTTP Request: POST https://api.telegram.org/bot8970525260:AAHHKYx1opFiuPJK9z6oAkw5E0gegCzbFSU/getUpdates "HTTP/1.1 200 OK"
2026-08-06 00:59:02,179 | INFO | HTTP Request: POST https://api.telegram.org/bot8970525260:AAHHKYx1opFiuPJK9z6oAkw5E0gegCzbFSU/getUpdates "HTTP/1.1 200 OK"
2026-08-06 00:59:02,180 | INFO | MESSAGE | User: tms (@Tmss23) | ID: 8887296113 | Text: Ki kore moja pow
2026-08-06 00:59:03,325 | INFO | HTTP Request: POST https://api.telegram.org/bot8970525260:AAHHKYx1opFiuPJK9z6oAkw5E0gegCzbFSU/sendMessage "HTTP/1.1 200 OK"
2026-08-06 00:59:12,363 | INFO | HTTP Request: POST https://api.telegram.org/bot8970525260:AAHHKYx1opFiuPJK9z6oAkw5E0gegCzbFSU/getUpdates "HTTP/1.1 200 OK"
2026-08-06 00:59:14,940 | INFO | HTTP Request: POST https://api.telegram.org/bot8970525260:AAHHKYx1opFiuPJK9z6oAkw5E0gegCzbFSU/getUpdates "HTTP/1.1 200 OK"
2026-08-06 00:59:14,941 | INFO | MESSAGE | User: tms (@Tmss23) | ID: 8887296113 | Text: Hobby
2026-08-06 00:59:15,703 | INFO | HTTP Request: POST https://api.telegram.org/bot8970525260:AAHHKYx1opFiuPJK9z6oAkw5E0gegCzbFSU/sendMessage "HTTP/1.1 200 OK"
2026-08-06 00:59:25,115 | INFO | HTTP Request: POST https://api.telegram.org/bot8970525260:AAHHKYx1opFiuPJK9z6oAkw5E0gegCzbFSU/getUpdates "HTTP/1.1 200 OK"
2026-08-06 00:59:35,414 | INFO | HTTP Request: POST https://api.telegram.org/bot8970525260:AAHHKYx1opFiuPJK9z6oAkw5E0gegCzbFSU/getUpdates "HTTP/1.1 200 OK"
2026-08-06 00:59:45,867 | INFO | HTTP Request: POST https://api.telegram.org/bot8970525260:AAHHKYx1opFiuPJK9z6oAkw5E0gegCzbFSU/getUpdates "HTTP/1.1 200 OK"
2026-08-06 00:59:56,250 | INFO | HTTP Request: POST https://api.telegram.org/bot8970525260:AAHHKYx1opFiuPJK9z6oAkw5E0gegCzbFSU/getUpdates "HTTP/1.1 200 OK"
2026-08-06 01:00:06,452 | INFO | HTTP Request: POST https://api.telegram.org/bot8970525260:AAHHKYx1opFiuPJK9z6oAkw5E0gegCzbFSU/getUpdates "HTTP/1.1 200 OK"
2026-08-06 01:00:16,792 | INFO | HTTP Request: POST https://api.telegram.org/bot8970525260:AAHHKYx1opFiuPJK9z6oAkw5E0gegCzbFSU/getUpdates "HTTP/1.1 200 OK"
2026-08-06 01:00:27,031 | INFO | HTTP Request: POST https://api.telegram.org/bot8970525260:AAHHKYx1opFiuPJK9z6oAkw5E0gegCzbFSU/getUpdates "HTTP/1.1 200 OK"
2026-08-06 01:00:37,202 | INFO | HTTP Request: POST https://api.telegram.org/bot8970525260:AAHHKYx1opFiuPJK9z6oAkw5E0gegCzbFSU/getUpdates "HTTP/1.1 200 OK"
2026-08-06 01:00:46,590 | INFO | HTTP Request: POST https://api.telegram.org/bot8970525260:AAHHKYx1opFiuPJK9z6oAkw5E0gegCzbFSU/getUpdates "HTTP/1.1 200 OK"
2026-08-06 01:00:46,591 | INFO | MESSAGE | User: tms (@Tmss23) | ID: 8887296113 | Text: Siblings
2026-08-06 01:00:47,718 | INFO | HTTP Request: POST https://api.telegram.org/bot8970525260:AAHHKYx1opFiuPJK9z6oAkw5E0gegCzbFSU/sendMessage "HTTP/1.1 200 OK"
2026-08-06 01:00:52,939 | INFO | HTTP Request: POST https://api.telegram.org/bot8970525260:AAHHKYx1opFiuPJK9z6oAkw5E0gegCzbFSU/getUpdates "HTTP/1.1 200 OK"
2026-08-06 01:00:52,940 | INFO | MESSAGE | User: tms (@Tmss23) | ID: 8887296113 | Text: Family
2026-08-06 01:00:53,963 | INFO | HTTP Request: POST https://api.telegram.org/bot8970525260:AAHHKYx1opFiuPJK9z6oAkw5E0gegCzbFSU/sendMessage "HTTP/1.1 200 OK"
2026-08-06 01:01:03,178 | INFO | HTTP Request: POST https://api.telegram.org/bot8970525260:AAHHKYx1opFiuPJK9z6oAkw5E0gegCzbFSU/getUpdates "HTTP/1.1 200 OK"
2026-08-06 01:01:13,354 | INFO | HTTP Request: POST https://api.telegram.org/bot8970525260:AAHHKYx1opFiuPJK9z6oAkw5E0gegCzbFSU/getUpdates "HTTP/1.1 200 OK"
2026-08-06 01:01:23,556 | INFO | HTTP Request: POST https://api.telegram.org/bot8970525260:AAHHKYx1opFiuPJK9z6oAkw5E0gegCzbFSU/getUpdates "HTTP/1.1 200 OK"
2026-08-06 01:01:33,796 | INFO | HTTP Request: POST https://api.telegram.org/bot8970525260:AAHHKYx1opFiuPJK9z6oAkw5E0gegCzbFSU/getUpdates "HTTP/1.1 200 OK"
2026-08-06 01:01:44,037 | INFO | HTTP Request: POST https://api.telegram.org/bot8970525260:AAHHKYx1opFiuPJK9z6oAkw5E0gegCzbFSU/getUpdates "HTTP/1.1 200 OK"
2026-08-06 01:01:54,213 | INFO | HTTP Request: POST https://api.telegram.org/bot8970525260:AAHHKYx1opFiuPJK9z6oAkw5E0gegCzbFSU/getUpdates "HTTP/1.1 200 OK"
2026-08-06 01:02:04,415 | INFO | HTTP Request: POST https://api.telegram.org/bot8970525260:AAHHKYx1opFiuPJK9z6oAkw5E0gegCzbFSU/getUpdates "HTTP/1.1 200 OK"
2026-08-06 01:02:14,773 | INFO | HTTP Request: POST https://api.telegram.org/bot8970525260:AAHHKYx1opFiuPJK9z6oAkw5E0gegCzbFSU/getUpdates "HTTP/1.1 200 OK"
2026-08-06 01:02:24,946 | INFO | HTTP Request: POST https://api.telegram.org/bot8970525260:AAHHKYx1opFiuPJK9z6oAkw5E0gegCzbFSU/getUpdates "HTTP/1.1 200 OK"
2026-08-06 01:02:35,135 | INFO | HTTP Request: POST https://api.telegram.org/bot8970525260:AAHHKYx1opFiuPJK9z6oAkw5E0gegCzbFSU/getUpdates "HTTP/1.1 200 OK"
2026-08-06 01:02:45,430 | INFO | HTTP Request: POST https://api.telegram.org/bot8970525260:AAHHKYx1opFiuPJK9z6oAkw5E0gegCzbFSU/getUpdates "HTTP/1.1 200 OK"
2026-08-06 01:02:55,718 | INFO | HTTP Request: POST https://api.telegram.org/bot8970525260:AAHHKYx1opFiuPJK9z6oAkw5E0gegCzbFSU/getUpdates "HTTP/1.1 200 OK"
2026-08-06 01:03:05,959 | INFO | HTTP Request: POST https://api.telegram.org/bot8970525260:AAHHKYx1opFiuPJK9z6oAkw5E0gegCzbFSU/getUpdates "HTTP/1.1 200 OK"
2026-08-06 01:03:16,507 | INFO | HTTP Request: POST https://api.telegram.org/bot8970525260:AAHHKYx1opFiuPJK9z6oAkw5E0gegCzbFSU/getUpdates "HTTP/1.1 200 OK"
2026-08-06 01:03:26,989 | INFO | HTTP Request: POST https://api.telegram.org/bot8970525260:AAHHKYx1opFiuPJK9z6oAkw5E0gegCzbFSU/getUpdates "HTTP/1.1 200 OK"
2026-08-06 01:03:37,396 | INFO | HTTP Request: POST https://api.telegram.org/bot8970525260:AAHHKYx1opFiuPJK9z6oAkw5E0gegCzbFSU/getUpdates "HTTP/1.1 200 OK"
2026-08-06 01:03:47,636 | INFO | HTTP Request: POST https://api.telegram.org/bot8970525260:AAHHKYx1opFiuPJK9z6oAkw5E0gegCzbFSU/getUpdates "HTTP/1.1 200 OK"
2026-08-06 01:03:57,877 | INFO | HTTP Request: POST https://api.telegram.org/bot8970525260:AAHHKYx1opFiuPJK9z6oAkw5E0gegCzbFSU/getUpdates "HTTP/1.1 200 OK"
2026-08-06 01:03:59,719 | INFO | HTTP Request: POST https://api.telegram.org/bot8970525260:AAHHKYx1opFiuPJK9z6oAkw5E0gegCzbFSU/getUpdates "HTTP/1.1 200 OK"
2026-08-06 01:03:59,719 | INFO | MESSAGE | User: tms (@Tmss23) | ID: 8887296113 | Text: Ma
2026-08-06 01:04:00,743 | INFO | HTTP Request: POST https://api.telegram.org/bot8970525260:AAHHKYx1opFiuPJK9z6oAkw5E0gegCzbFSU/sendMessage "HTTP/1.1 200 OK"
2026-08-06 01:04:09,895 | INFO | HTTP Request: POST https://api.telegram.org/bot8970525260:AAHHKYx1opFiuPJK9z6oAkw5E0gegCzbFSU/getUpdates "HTTP/1.1 200 OK"
2026-08-06 01:04:16,142 | INFO | HTTP Request: POST https://api.telegram.org/bot8970525260:AAHHKYx1opFiuPJK9z6oAkw5E0gegCzbFSU/getUpdates "HTTP/1.1 200 OK"
2026-08-06 01:04:16,143 | INFO | MESSAGE | User: tms (@Tmss23) | ID: 8887296113 | Text: Ok
2026-08-06 01:04:17,131 | INFO | HTTP Request: POST https://api.telegram.org/bot8970525260:AAHHKYx1opFiuPJK9z6oAkw5E0gegCzbFSU/sendMessage "HTTP/1.1 200 OK"
2026-08-06 01:04:22,788 | INFO | HTTP Request: POST https://api.telegram.org/bot8970525260:AAHHKYx1opFiuPJK9z6oAkw5E0gegCzbFSU/getUpdates "HTTP/1.1 200 OK"
2026-08-06 01:04:22,788 | INFO | MESSAGE | User: tms (@Tmss23) | ID: 8887296113 | Text: Sadia
2026-08-06 01:04:23,496 | INFO | HTTP Request: POST https://api.telegram.org/bot8970525260:AAHHKYx1opFiuPJK9z6oAkw5E0gegCzbFSU/sendMessage "HTTP/1.1 200 OK"
2026-08-06 01:04:32,999 | INFO | HTTP Request: POST https://api.telegram.org/bot8970525260:AAHHKYx1opFiuPJK9z6oAkw5E0gegCzbFSU/getUpdates "HTTP/1.1 200 OK"
2026-08-06 01:04:43,258 | INFO | HTTP Request: POST https://api.telegram.org/bot8970525260:AAHHKYx1opFiuPJK9z6oAkw5E0gegCzbFSU/getUpdates "HTTP/1.1 200 OK"
2026-08-06 01:04:53,582 | INFO | HTTP Request: POST https://api.telegram.org/bot8970525260:AAHHKYx1opFiuPJK9z6oAkw5E0gegCzbFSU/getUpdates "HTTP/1.1 200 OK"
2026-08-06 01:05:03,822 | INFO | HTTP Request: POST https://api.telegram.org/bot8970525260:AAHHKYx1opFiuPJK9z6oAkw5E0gegCzbFSU/getUpdates "HTTP/1.1 200 OK"
2026-08-06 01:05:14,062 | INFO | HTTP Request: POST https://api.telegram.org/bot8970525260:AAHHKYx1opFiuPJK9z6oAkw5E0gegCzbFSU/getUpdates "HTTP/1.1 200 OK"
2026-08-06 01:05:24,406 | INFO | HTTP Request: POST https://api.telegram.org/bot8970525260:AAHHKYx1opFiuPJK9z6oAkw5E0gegCzbFSU/getUpdates "HTTP/1.1 200 OK"
2026-08-06 01:05:34,747 | INFO | HTTP Request: POST https://api.telegram.org/bot8970525260:AAHHKYx1opFiuPJK9z6oAkw5E0gegCzbFSU/getUpdates "HTTP/1.1 200 OK"
2026-08-06 01:05:44,987 | INFO | HTTP Request: POST https://api.telegram.org/bot8970525260:AAHHKYx1opFiuPJK9z6oAkw5E0gegCzbFSU/getUpdates "HTTP/1.1 200 OK"
2026-08-06 01:05:52,565 | INFO | HTTP Request: POST https://api.telegram.org/bot8970525260:AAHHKYx1opFiuPJK9z6oAkw5E0gegCzbFSU/getUpdates "HTTP/1.1 200 OK"
2026-08-06 01:05:52,565 | INFO | MESSAGE | User: tms (@Tmss23) | ID: 8887296113 | Text: Sohan
2026-08-06 01:05:53,486 | INFO | HTTP Request: POST https://api.telegram.org/bot8970525260:AAHHKYx1opFiuPJK9z6oAkw5E0gegCzbFSU/sendMessage "HTTP/1.1 200 OK"
2026-08-06 01:06:01,064 | INFO | HTTP Request: POST https://api.telegram.org/bot8970525260:AAHHKYx1opFiuPJK9z6oAkw5E0gegCzbFSU/getUpdates "HTTP/1.1 200 OK"
2026-08-06 01:06:01,065 | INFO | MESSAGE | User: tms (@Tmss23) | ID: 8887296113 | Text: Bap
2026-08-06 01:06:02,003 | INFO | HTTP Request: POST https://api.telegram.org/bot8970525260:AAHHKYx1opFiuPJK9z6oAkw5E0gegCzbFSU/sendMessage "HTTP/1.1 200 OK"
2026-08-06 01:06:11,305 | INFO | HTTP Request: POST https://api.telegram.org/bot8970525260:AAHHKYx1opFiuPJK9z6oAkw5E0gegCzbFSU/getUpdates "HTTP/1.1 200 OK"
2026-08-06 01:06:14,684 | INFO | HTTP Request: POST https://api.telegram.org/bot8970525260:AAHHKYx1opFiuPJK9z6oAkw5E0gegCzbFSU/getUpdates "HTTP/1.1 200 OK"
2026-08-06 01:06:14,685 | INFO | MESSAGE | User: tms (@Tmss23) | ID: 8887296113 | Text: Babahejejdodksnsnsjsbjsisowplwannsbsvs ;\£_£×`{\-#+#(#9299#
2026-08-06 01:06:15,503 | INFO | HTTP Request: POST https://api.telegram.org/bot8970525260:AAHHKYx1opFiuPJK9z6oAkw5E0gegCzbFSU/sendMessage "HTTP/1.1 200 OK"
2026-08-06 01:06:24,855 | INFO | HTTP Request: POST https://api.telegram.org/bot8970525260:AAHHKYx1opFiuPJK9z6oAkw5E0gegCzbFSU/getUpdates "HTTP/1.1 200 OK"
2026-08-06 01:06:35,061 | INFO | HTTP Request: POST https://api.telegram.org/bot8970525260:AAHHKYx1opFiuPJK9z6oAkw5E0gegCzbFSU/getUpdates "HTTP/1.1 200 OK"
2026-08-06 01:06:45,097 | INFO | HTTP Request: POST https://api.telegram.org/bot8970525260:AAHHKYx1opFiuPJK9z6oAkw5E0gegCzbFSU/getUpdates "HTTP/1.1 200 OK"
2026-08-06 01:06:45,098 | INFO | MESSAGE | User: tms (@Tmss23) | ID: 8887296113 | Text: Ok
2026-08-06 01:06:46,121 | INFO | HTTP Request: POST https://api.telegram.org/bot8970525260:AAHHKYx1opFiuPJK9z6oAkw5E0gegCzbFSU/sendMessage "HTTP/1.1 200 OK"
2026-08-06 01:06:55,235 | INFO | HTTP Request: POST https://api.telegram.org/bot8970525260:AAHHKYx1opFiuPJK9z6oAkw5E0gegCzbFSU/getUpdates "HTTP/1.1 200 OK"
2026-08-06 01:06:55,236 | INFO | MESSAGE | User: tms (@Tmss23) | ID: 8887296113 | Text: Mejo
2026-08-06 01:06:56,259 | INFO | HTTP Request: POST https://api.telegram.org/bot8970525260:AAHHKYx1opFiuPJK9z6oAkw5E0gegCzbFSU/sendMessage "HTTP/1.1 200 OK"
2026-08-06 01:07:05,430 | INFO | HTTP Request: POST https://api.telegram.org/bot8970525260:AAHHKYx1opFiuPJK9z6oAkw5E0gegCzbFSU/getUpdates "HTTP/1.1 200 OK"
2026-08-06 01:07:15,613 | INFO | HTTP Request: POST https://api.telegram.org/bot8970525260:AAHHKYx1opFiuPJK9z6oAkw5E0gegCzbFSU/getUpdates "HTTP/1.1 200 OK"
2026-08-06 01:07:25,955 | INFO | HTTP Request: POST https://api.telegram.org/bot8970525260:AAHHKYx1opFiuPJK9z6oAkw5E0gegCzbFSU/getUpdates "HTTP/1.1 200 OK"
2026-08-06 01:07:36,195 | INFO | HTTP Request: POST https://api.telegram.org/bot8970525260:AAHHKYx1opFiuPJK9z6oAkw5E0gegCzbFSU/getUpdates "HTTP/1.1 200 OK"
2026-08-06 01:07:46,422 | INFO | HTTP Request: POST https://api.telegram.org/bot8970525260:AAHHKYx1opFiuPJK9z6oAkw5E0gegCzbFSU/getUpdates "HTTP/1.1 200 OK"
2026-08-06 01:07:56,638 | INFO | HTTP Request: POST https://api.telegram.org/bot8970525260:AAHHKYx1opFiuPJK9z6oAkw5E0gegCzbFSU/getUpdates "HTTP/1.1 200 OK"
2026-08-06 01:08:06,916 | INFO | HTTP Request: POST https://api.telegram.org/bot8970525260:AAHHKYx1opFiuPJK9z6oAkw5E0gegCzbFSU/getUpdates "HTTP/1.1 200 OK"
2026-08-06 01:08:17,394 | INFO | HTTP Request: POST https://api.telegram.org/bot8970525260:AAHHKYx1opFiuPJK9z6oAkw5E0gegCzbFSU/getUpdates "HTTP/1.1 200 OK"
2026-08-06 01:08:27,719 | INFO | HTTP Request: POST https://api.telegram.org/bot8970525260:AAHHKYx1opFiuPJK9z6oAkw5E0gegCzbFSU/getUpdates "HTTP/1.1 200 OK"
2026-08-06 01:08:37,944 | INFO | HTTP Request: POST https://api.telegram.org/bot8970525260:AAHHKYx1opFiuPJK9z6oAkw5E0gegCzbFSU/getUpdates "HTTP/1.1 200 OK"
2026-08-06 01:08:48,374 | INFO | HTTP Request: POST https://api.telegram.org/bot8970525260:AAHHKYx1opFiuPJK9z6oAkw5E0gegCzbFSU/getUpdates "HTTP/1.1 200 OK"
2026-08-06 01:08:58,628 | INFO | HTTP Request: POST https://api.telegram.org/bot8970525260:AAHHKYx1opFiuPJK9z6oAkw5E0gegCzbFSU/getUpdates "HTTP/1.1 200 OK"
2026-08-06 01:09:08,808 | INFO | HTTP Request: POST https://api.telegram.org/bot8970525260:AAHHKYx1opFiuPJK9z6oAkw5E0gegCzbFSU/getUpdates "HTTP/1.1 200 OK"
2026-08-06 01:09:19,054 | INFO | HTTP Request: POST https://api.telegram.org/bot8970525260:AAHHKYx1opFiuPJK9z6oAkw5E0gegCzbFSU/getUpdates "HTTP/1.1 200 OK"
2026-08-06 01:09:29,231 | INFO | HTTP Request: POST https://api.telegram.org/bot8970525260:AAHHKYx1opFiuPJK9z6oAkw5E0gegCzbFSU/getUpdates "HTTP/1.1 200 OK"
2026-08-06 01:09:39,409 | INFO | HTTP Request: POST https://api.telegram.org/bot8970525260:AAHHKYx1opFiuPJK9z6oAkw5E0gegCzbFSU/getUpdates "HTTP/1.1 200 OK"
2026-08-06 01:09:49,583 | INFO | HTTP Request: POST https://api.telegram.org/bot8970525260:AAHHKYx1opFiuPJK9z6oAkw5E0gegCzbFSU/getUpdates "HTTP/1.1 200 OK"
2026-08-06 01:09:59,864 | INFO | HTTP Request: POST https://api.telegram.org/bot8970525260:AAHHKYx1opFiuPJK9z6oAkw5E0gegCzbFSU/getUpdates "HTTP/1.1 200 OK"
2026-08-06 01:10:10,286 | INFO | HTTP Request: POST https://api.telegram.org/bot8970525260:AAHHKYx1opFiuPJK9z6oAkw5E0gegCzbFSU/getUpdates "HTTP/1.1 200 OK"
2026-08-06 01:10:20,467 | INFO | HTTP Request: POST https://api.telegram.org/bot8970525260:AAHHKYx1opFiuPJK9z6oAkw5E0gegCzbFSU/getUpdates "HTTP/1.1 200 OK"
2026-08-06 01:10:30,688 | INFO | HTTP Request: POST https://api.telegram.org/bot8970525260:AAHHKYx1opFiuPJK9z6oAkw5E0gegCzbFSU/getUpdates "HTTP/1.1 200 OK"
2026-08-06 01:10:41,682 | INFO | HTTP Request: POST https://api.telegram.org/bot8970525260:AAHHKYx1opFiuPJK9z6oAkw5E0gegCzbFSU/getUpdates "HTTP/1.1 200 OK"
2026-08-06 01:10:49,619 | INFO | HTTP Request: POST https://api.telegram.org/bot8970525260:AAHHKYx1opFiuPJK9z6oAkw5E0gegCzbFSU/getUpdates "HTTP/1.1 200 OK"
2026-08-06 01:10:49,620 | INFO | START | User: Ishrat (@ishrat_tisha) | ID: 8402396905
2026-08-06 01:10:50,403 | INFO | HTTP Request: POST https://api.telegram.org/bot8970525260:AAHHKYx1opFiuPJK9z6oAkw5E0gegCzbFSU/sendMessage "HTTP/1.1 200 OK"
2026-08-06 01:10:59,974 | INFO | HTTP Request: POST https://api.telegram.org/bot8970525260:AAHHKYx1opFiuPJK9z6oAkw5E0gegCzbFSU/getUpdates "HTTP/1.1 200 OK"
2026-08-06 01:11:10,214 | INFO | HTTP Request: POST https://api.telegram.org/bot8970525260:AAHHKYx1opFiuPJK9z6oAkw5E0gegCzbFSU/getUpdates "HTTP/1.1 200 OK"
2026-08-06 01:11:17,587 | INFO | HTTP Request: POST https://api.telegram.org/bot8970525260:AAHHKYx1opFiuPJK9z6oAkw5E0gegCzbFSU/getUpdates "HTTP/1.1 200 OK"
2026-08-06 01:11:17,588 | INFO | MESSAGE | User: Ishrat (@ishrat_tisha) | ID: 8402396905 | Text: Birthday
2026-08-06 01:11:18,660 | INFO | HTTP Request: POST https://api.telegram.org/bot8970525260:AAHHKYx1opFiuPJK9z6oAkw5E0gegCzbFSU/sendMessage "HTTP/1.1 200 OK"
2026-08-06 01:11:27,843 | INFO | HTTP Request: POST https://api.telegram.org/bot8970525260:AAHHKYx1opFiuPJK9z6oAkw5E0gegCzbFSU/getUpdates "HTTP/1.1 200 OK"
2026-08-06 01:11:38,069 | INFO | HTTP Request: POST https://api.telegram.org/bot8970525260:AAHHKYx1opFiuPJK9z6oAkw5E0gegCzbFSU/getUpdates "HTTP/1.1 200 OK"
2026-08-06 01:11:48,242 | INFO | HTTP Request: POST https://api.telegram.org/bot8970525260:AAHHKYx1opFiuPJK9z6oAkw5E0gegCzbFSU/getUpdates "HTTP/1.1 200 OK"
2026-08-06 01:11:58,423 | INFO | HTTP Request: POST https://api.telegram.org/bot8970525260:AAHHKYx1opFiuPJK9z6oAkw5E0gegCzbFSU/getUpdates "HTTP/1.1 200 OK"
2026-08-06 01:12:00,736 | INFO | HTTP Request: POST https://api.telegram.org/bot8970525260:AAHHKYx1opFiuPJK9z6oAkw5E0gegCzbFSU/getUpdates "HTTP/1.1 200 OK"
2026-08-06 01:12:00,737 | INFO | MESSAGE | User: Ishrat (@ishrat_tisha) | ID: 8402396905 | Text: 01735859367
2026-08-06 01:12:01,722 | INFO | HTTP Request: POST https://api.telegram.org/bot8970525260:AAHHKYx1opFiuPJK9z6oAkw5E0gegCzbFSU/sendMessage "HTTP/1.1 200 OK"
2026-08-06 01:12:11,041 | INFO | HTTP Request: POST https://api.telegram.org/bot8970525260:AAHHKYx1opFiuPJK9z6oAkw5E0gegCzbFSU/getUpdates "HTTP/1.1 200 OK"
2026-08-06 01:12:21,221 | INFO | HTTP Request: POST https://api.telegram.org/bot8970525260:AAHHKYx1opFiuPJK9z6oAkw5E0gegCzbFSU/getUpdates "HTTP/1.1 200 OK"
2026-08-06 01:12:31,418 | INFO | HTTP Request: POST https://api.telegram.org/bot8970525260:AAHHKYx1opFiuPJK9z6oAkw5E0gegCzbFSU/getUpdates "HTTP/1.1 200 OK"
2026-08-06 01:12:41,659 | INFO | HTTP Request: POST https://api.telegram.org/bot8970525260:AAHHKYx1opFiuPJK9z6oAkw5E0gegCzbFSU/getUpdates "HTTP/1.1 200 OK"
2026-08-06 01:12:52,009 | INFO | HTTP Request: POST https://api.telegram.org/bot8970525260:AAHHKYx1opFiuPJK9z6oAkw5E0gegCzbFSU/getUpdates "HTTP/1.1 200 OK"
2026-08-06 01:13:02,241 | INFO | HTTP Request: POST https://api.telegram.org/bot8970525260:AAHHKYx1opFiuPJK9z6oAkw5E0gegCzbFSU/getUpdates "HTTP/1.1 200 OK"
2026-08-06 01:13:12,482 | INFO | HTTP Request: POST https://api.telegram.org/bot8970525260:AAHHKYx1opFiuPJK9z6oAkw5E0gegCzbFSU/getUpdates "HTTP/1.1 200 OK"
2026-08-06 01:13:22,722 | INFO | HTTP Request: POST https://api.telegram.org/bot8970525260:AAHHKYx1opFiuPJK9z6oAkw5E0gegCzbFSU/getUpdates "HTTP/1.1 200 OK"
2026-08-06 01:13:32,962 | INFO | HTTP Request: POST https://api.telegram.org/bot8970525260:AAHHKYx1opFiuPJK9z6oAkw5E0gegCzbFSU/getUpdates "HTTP/1.1 200 OK"
2026-08-06 01:13:43,134 | INFO | HTTP Request: POST https://api.telegram.org/bot8970525260:AAHHKYx1opFiuPJK9z6oAkw5E0gegCzbFSU/getUpdates "HTTP/1.1 200 OK"
2026-08-06 01:13:53,544 | INFO | HTTP Request: POST https://api.telegram.org/bot8970525260:AAHHKYx1opFiuPJK9z6oAkw5E0gegCzbFSU/getUpdates "HTTP/1.1 200 OK"
2026-08-06 01:14:03,784 | INFO | HTTP Request: POST https://api.telegram.org/bot8970525260:AAHHKYx1opFiuPJK9z6oAkw5E0gegCzbFSU/getUpdates "HTTP/1.1 200 OK"
2026-08-06 01:14:14,024 | INFO | HTTP Request: POST https://api.telegram.org/bot8970525260:AAHHKYx1opFiuPJK9z6oAkw5E0gegCzbFSU/getUpdates "HTTP/1.1 200 OK"
2026-08-06 01:14:24,366 | INFO | HTTP Request: POST https://api.telegram.org/bot8970525260:AAHHKYx1opFiuPJK9z6oAkw5E0gegCzbFSU/getUpdates "HTTP/1.1 200 OK"
2026-08-06 01:14:34,550 | INFO | HTTP Request: POST https://api.telegram.org/bot8970525260:AAHHKYx1opFiuPJK9z6oAkw5E0gegCzbFSU/getUpdates "HTTP/1.1 200 OK"
2026-08-06 01:14:44,928 | INFO | HTTP Request: POST https://api.telegram.org/bot8970525260:AAHHKYx1opFiuPJK9z6oAkw5E0gegCzbFSU/getUpdates "HTTP/1.1 200 OK"
2026-08-06 01:14:44,929 | INFO | Application is stopping. This might take a moment.
2026-08-06 01:14:44,929 | INFO | Application.stop() complete
